Packages ['pandas', 'seaborn', 'scanpy', 'pyyaml'] already installed
All configuration values have been checked. See log for any issues.
Local database is being used. If you believe this is an error, check the config values.
Database connected at pathogens.db
SQLite version: 3.42.0

Packages ['pandas', 'seaborn', 'scanpy', 'pyyaml'] already installed
All configuration values have been checked. See log for any issues.
Local database is being used. If you believe this is an error, check the config values.
Database connected at pathogens.db
SQLite version: 3.42.0

Packages ['seaborn', 'scanpy', 'pyyaml'] already installed

Packages ['pandas'] not installed. Installing now...
Installing pandas...
All configuration values have been checked. See log for any issues.
Local database is being used. If you believe this is an error, check the config values.
Database connected at pathogens.db
SQLite version: 3.42.0
Packages ['pandas', 'seaborn', 'scanpy', 'pyyaml'] already installed
All configuration values have been checked. See log for any issues.
Local database is being used. If you believe this is an error, check the config values.
Database connected at pathogens.db
SQLite version: 3.42.0
Packages ['pandas', 'seaborn', 'scanpy', 'pyyaml'] already installed
All configuration values have been checked. See log for any issues.
Local database is being used. If you believe this is an error, check the config values.
Database connected at pathogens.db
SQLite version: 3.42.0
Packages ['pandas', 'seaborn', 'scanpy', 'pyyaml'] already installed
All configuration values have been checked. See log for any issues.
Local database is being used. If you believe this is an error, check the config values.
Database connected at pathogens.db
SQLite version: 3.42.0
Packages ['pandas', 'seaborn', 'scanpy', 'pyyaml'] already installed
All configuration values have been checked. See log for any issues.
Local database is being used. If you believe this is an error, check the config values.
Database connected at pathogens.db
SQLite version: 3.42.0
